mode: atomic
github.com/Blazingkevin/loki/cmd/loki/main.go:10.13,11.38 1 0
github.com/Blazingkevin/loki/cmd/loki/main.go:11.38,14.3 2 0
github.com/Blazingkevin/loki/internal/cli/root.go:51.22,53.2 1 0
github.com/Blazingkevin/loki/internal/cli/root.go:55.13,57.2 1 1
github.com/Blazingkevin/loki/internal/cli/serve.go:43.56,50.23 5 0
github.com/Blazingkevin/loki/internal/cli/serve.go:50.23,52.20 2 0
github.com/Blazingkevin/loki/internal/cli/serve.go:52.20,54.4 1 0
github.com/Blazingkevin/loki/internal/cli/serve.go:57.2,63.12 4 0
github.com/Blazingkevin/loki/internal/cli/serve.go:66.13,79.2 6 1
github.com/Blazingkevin/loki/internal/cli/validate.go:31.59,41.2 5 0
github.com/Blazingkevin/loki/internal/cli/validate.go:43.13,45.2 1 1
github.com/Blazingkevin/loki/internal/cli/version.go:27.52,34.2 6 0
github.com/Blazingkevin/loki/internal/cli/version.go:36.47,37.28 1 0
github.com/Blazingkevin/loki/internal/cli/version.go:37.28,39.3 1 0
github.com/Blazingkevin/loki/internal/cli/version.go:41.2,41.63 1 0
github.com/Blazingkevin/loki/internal/cli/version.go:41.63,43.3 1 0
github.com/Blazingkevin/loki/internal/cli/version.go:45.2,45.18 1 0
github.com/Blazingkevin/loki/internal/cli/version.go:48.13,50.2 1 1
github.com/Blazingkevin/loki/internal/openapi/parser.go:22.46,29.27 2 11
github.com/Blazingkevin/loki/internal/openapi/parser.go:29.27,31.3 1 2
github.com/Blazingkevin/loki/internal/openapi/parser.go:33.2,33.10 1 11
github.com/Blazingkevin/loki/internal/openapi/parser.go:36.55,37.25 1 1
github.com/Blazingkevin/loki/internal/openapi/parser.go:37.25,39.3 1 1
github.com/Blazingkevin/loki/internal/openapi/parser.go:42.54,43.25 1 1
github.com/Blazingkevin/loki/internal/openapi/parser.go:43.25,45.3 1 1
github.com/Blazingkevin/loki/internal/openapi/parser.go:48.63,49.19 1 9
github.com/Blazingkevin/loki/internal/openapi/parser.go:49.19,51.3 1 3
github.com/Blazingkevin/loki/internal/openapi/parser.go:53.2,53.31 1 6
github.com/Blazingkevin/loki/internal/openapi/parser.go:56.67,61.16 4 3
github.com/Blazingkevin/loki/internal/openapi/parser.go:61.16,63.3 1 0
github.com/Blazingkevin/loki/internal/openapi/parser.go:65.2,70.16 4 3
github.com/Blazingkevin/loki/internal/openapi/parser.go:70.16,72.3 1 1
github.com/Blazingkevin/loki/internal/openapi/parser.go:73.2,75.38 2 2
github.com/Blazingkevin/loki/internal/openapi/parser.go:75.38,77.3 1 1
github.com/Blazingkevin/loki/internal/openapi/parser.go:79.2,80.16 2 1
github.com/Blazingkevin/loki/internal/openapi/parser.go:80.16,82.3 1 0
github.com/Blazingkevin/loki/internal/openapi/parser.go:84.2,84.35 1 1
github.com/Blazingkevin/loki/internal/openapi/parser.go:87.67,89.16 2 6
github.com/Blazingkevin/loki/internal/openapi/parser.go:89.16,91.3 1 2
github.com/Blazingkevin/loki/internal/openapi/parser.go:92.2,95.16 3 4
github.com/Blazingkevin/loki/internal/openapi/parser.go:95.16,97.3 1 0
github.com/Blazingkevin/loki/internal/openapi/parser.go:99.2,99.34 1 4
github.com/Blazingkevin/loki/internal/openapi/parser.go:102.77,107.16 4 5
github.com/Blazingkevin/loki/internal/openapi/parser.go:107.16,109.3 1 1
github.com/Blazingkevin/loki/internal/openapi/parser.go:111.2,111.18 1 4
github.com/Blazingkevin/loki/internal/openapi/parser.go:114.55,117.2 2 3
github.com/Blazingkevin/loki/internal/openapi/parser.go:119.70,121.16 2 2
github.com/Blazingkevin/loki/internal/openapi/parser.go:121.16,123.3 1 1
github.com/Blazingkevin/loki/internal/openapi/parser.go:125.2,125.45 1 1
github.com/Blazingkevin/loki/internal/openapi/parser.go:125.45,127.3 1 0
github.com/Blazingkevin/loki/internal/openapi/parser.go:129.2,129.18 1 1
github.com/Blazingkevin/loki/internal/openapi/parser.go:132.29,133.35 1 18
github.com/Blazingkevin/loki/internal/openapi/parser.go:133.35,135.3 1 11
github.com/Blazingkevin/loki/internal/openapi/parser.go:137.2,139.16 2 7
github.com/Blazingkevin/loki/internal/openapi/parser.go:139.16,141.3 1 0
github.com/Blazingkevin/loki/internal/openapi/parser.go:143.2,143.50 1 7
